#
# There is insufficient memory for the Java Runtime Environment to continue.
# Native memory allocation (mmap) failed to map 32505856 bytes. Error detail: G1 virtual space
# Possible reasons:
#   The system is out of physical RAM or swap space
#   This process is running with CompressedOops enabled, and the Java Heap may be blocking the growth of the native heap
# Possible solutions:
#   Reduce memory load on the system
#   Increase physical memory or swap space
#   Check if swap backing store is full
#   Decrease Java heap size (-Xmx/-Xms)
#   Decrease number of Java threads
#   Decrease Java thread stack sizes (-Xss)
#   Set larger code cache with -XX:ReservedCodeCacheSize=
#   JVM is running with Unscaled Compressed Oops mode in which the Java heap is
#     placed in the first 4GB address space. The Java Heap base address is the
#     maximum limit for the native heap growth. Please use -XX:HeapBaseMinAddress
#     to set the Java Heap base and to place the Java Heap above 4GB virtual address.
# This output file may be truncated or incomplete.
#
#  Out of Memory Error (os_windows.cpp:3618), pid=19176, tid=2464
#
# JRE version: OpenJDK Runtime Environment Corretto-17.0.18.9.1 (17.0.18+9) (build 17.0.18+9-LTS)
# Java VM: OpenJDK 64-Bit Server VM Corretto-17.0.18.9.1 (17.0.18+9-LTS, mixed mode, sharing, tiered, compressed oops, compressed class ptrs, g1 gc, windows-amd64)
# No core dump will be written. Minidumps are not enabled by default on client versions of Windows
#

---------------  S U M M A R Y ------------

Command Line: org.jetbrains.kotlin.cli.jvm.K2JVMCompiler @E:\MockTestApp\app\build\20260504_14087678708269859571.compiler.options

Host: 11th Gen Intel(R) Core(TM) i3-1115G4 @ 3.00GHz, 4 cores, 7G,  Windows 11 , 64 bit Build 26100 (10.0.26100.8246)
Time: Mon May  4 18:10:44 2026 India Standard Time elapsed time: 38.403693 seconds (0d 0h 0m 38s)

---------------  T H R E A D  ---------------

Current thread (0x000001ea42048f90):  VMThread "VM Thread" [stack: 0x0000000757600000,0x0000000757700000] [id=2464]

Stack: [0x0000000757600000,0x0000000757700000]
Native frames: (J=compiled Java code, j=interpreted, Vv=VM code, C=native code)
V  [jvm.dll+0x68b3f9]
V  [jvm.dll+0x841779]
V  [jvm.dll+0x8434e8]
V  [jvm.dll+0x843b73]
V  [jvm.dll+0x24ce4f]
V  [jvm.dll+0x688259]
V  [jvm.dll+0x67d26a]
V  [jvm.dll+0x30d1b0]
V  [jvm.dll+0x30d052]
V  [jvm.dll+0x3145a9]
V  [jvm.dll+0x366969]
V  [jvm.dll+0x366b9d]
V  [jvm.dll+0x2e42ca]
V  [jvm.dll+0x2e26c1]
V  [jvm.dll+0x2e1e5c]
V  [jvm.dll+0x325ebb]
V  [jvm.dll+0x8483ed]
V  [jvm.dll+0x849103]
V  [jvm.dll+0x849634]
V  [jvm.dll+0x849a18]
V  [jvm.dll+0x849b0e]
V  [jvm.dll+0x7f1cdc]
V  [jvm.dll+0x68a307]
C  [ucrtbase.dll+0x37b0]
C  [KERNEL32.DLL+0x2e8d7]
C  [ntdll.dll+0x8c3fc]

VM_Operation (0x00000007570fd030): G1CollectForAllocation, mode: safepoint, requested by thread 0x000001ea245da340


---------------  P R O C E S S  ---------------

Threads class SMR info:
_java_thread_list=0x000001ea42751120, length=13, elements={
0x000001ea245da340, 0x000001ea4204ed50, 0x000001ea42050480, 0x000001ea4206b130,
0x000001ea4206baf0, 0x000001ea4206c4b0, 0x000001ea4206ce70, 0x000001ea4206eb70,
0x000001ea4207da30, 0x000001ea42208030, 0x000001ea422cfda0, 0x000001ea422d8d60,
0x000001ea8a1da5b0
}

Java Threads: ( => current thread )
  0x000001ea245da340 JavaThread "main" [_thread_blocked, id=1248, stack(0x0000000757000000,0x0000000757100000)]
  0x000001ea4204ed50 JavaThread "Reference Handler" daemon [_thread_blocked, id=11660, stack(0x0000000757700000,0x0000000757800000)]
  0x000001ea42050480 JavaThread "Finalizer" daemon [_thread_blocked, id=18688, stack(0x0000000757800000,0x0000000757900000)]
  0x000001ea4206b130 JavaThread "Signal Dispatcher" daemon [_thread_blocked, id=10276, stack(0x0000000757900000,0x0000000757a00000)]
  0x000001ea4206baf0 JavaThread "Attach Listener" daemon [_thread_blocked, id=9432, stack(0x0000000757a00000,0x0000000757b00000)]
  0x000001ea4206c4b0 JavaThread "Service Thread" daemon [_thread_blocked, id=1288, stack(0x0000000757b00000,0x0000000757c00000)]
  0x000001ea4206ce70 JavaThread "Monitor Deflation Thread" daemon [_thread_blocked, id=12296, stack(0x0000000757c00000,0x0000000757d00000)]
  0x000001ea4206eb70 JavaThread "C2 CompilerThread0" daemon [_thread_blocked, id=20748, stack(0x0000000757d00000,0x0000000757e00000)]
  0x000001ea4207da30 JavaThread "C1 CompilerThread0" daemon [_thread_blocked, id=21512, stack(0x0000000757e00000,0x0000000757f00000)]
  0x000001ea42208030 JavaThread "Sweeper thread" daemon [_thread_blocked, id=12824, stack(0x0000000757f00000,0x0000000758000000)]
  0x000001ea422cfda0 JavaThread "Notification Thread" daemon [_thread_blocked, id=8220, stack(0x0000000758000000,0x0000000758100000)]
  0x000001ea422d8d60 JavaThread "Common-Cleaner" daemon [_thread_blocked, id=13848, stack(0x0000000758200000,0x0000000758300000)]
  0x000001ea8a1da5b0 JavaThread "C2 CompilerThread1" daemon [_thread_blocked, id=3948, stack(0x0000000758600000,0x0000000758700000)]

Other Threads:
=>0x000001ea42048f90 VMThread "VM Thread" [stack: 0x0000000757600000,0x0000000757700000] [id=2464]
  0x000001ea422d2290 WatcherThread [stack: 0x0000000758100000,0x0000000758200000] [id=5080]
  0x000001ea24638e50 GCTaskThread "GC Thread#0" [stack: 0x0000000757100000,0x0000000757200000] [id=15060]
  0x000001ea424d8a10 GCTaskThread "GC Thread#1" [stack: 0x0000000758300000,0x0000000758400000] [id=7764]
  0x000001ea424d8cd0 GCTaskThread "GC Thread#2" [stack: 0x0000000758400000,0x0000000758500000] [id=16600]
  0x000001ea426ddf60 GCTaskThread "GC Thread#3" [stack: 0x0000000758500000,0x0000000758600000] [id=10624]
  0x000001ea24649760 ConcurrentGCThread "G1 Main Marker" [stack: 0x0000000757200000,0x0000000757300000] [id=11896]
  0x000001ea2464a180 ConcurrentGCThread "G1 Conc#0" [stack: 0x0000000757300000,0x0000000757400000] [id=12524]
  0x000001ea41f020c0 ConcurrentGCThread "G1 Refine#0" [stack: 0x0000000757400000,0x0000000757500000] [id=12164]
  0x000001ea41f02af0 ConcurrentGCThread "G1 Service" [stack: 0x0000000757500000,0x0000000757600000] [id=21564]

Threads with active compile tasks:

VM state: at safepoint (normal execution)

VM Mutex/Monitor currently owned by a thread:  ([mutex/lock_event])
[0x000001ea2257fc10] Threads_lock - owner thread: 0x000001ea42048f90
[0x000001ea245d8e90] Heap_lock - owner thread: 0x000001ea245da340

Heap address: 0x0000000083200000, size: 1998 MB, Compressed Oops mode: 32-bit

CDS archive(s) mapped at: [0x000001ea43000000-0x000001ea43bb0000-0x000001ea43bb0000), size 12255232, SharedBaseAddress: 0x000001ea43000000, ArchiveRelocationMode: 1.
Compressed class space mapped at: 0x000001ea44000000-0x000001ea84000000, reserved size: 1073741824
Narrow klass base: 0x000001ea43000000, Narrow klass shift: 0, Narrow klass range: 0x100000000

GC Precious Log:
 CPUs: 4 total, 4 available
 Memory: 7991M
 Large Page Support: Disabled
 NUMA Support: Disabled
 Compressed Oops: Enabled (32-bit)
 Heap Region Size: 1M
 Heap Min Capacity: 8M
 Heap Initial Capacity: 126M
 Heap Max Capacity: 1998M
 Pre-touch: Disabled
 Parallel Workers: 4
 Concurrent Workers: 1
 Concurrent Refinement Workers: 4
 Periodic GC: Disabled

Heap:
 garbage-first heap   total 158720K, used 92500K [0x0000000083200000, 0x0000000100000000)
  region size 1024K, 1 young (1024K), 1 survivors (1024K)
 Metaspace       used 61722K, committed 62144K, reserved 1114112K
  class space    used 7079K, committed 7296K, reserved 1048576K

Heap Regions: E=young(eden), S=young(survivor), O=old, HS=humongous(starts), HC=humongous(continues), CS=collection set, F=free, OA=open archive, CA=closed archive, TAMS=top-at-mark-start (previous, next)
|   0|0x0000000083200000, 0x0000000083300000, 0x0000000083300000|100%|HS|  |TAMS 0x0000000083300000, 0x0000000083200000| Complete 
|   1|0x0000000083300000, 0x0000000083400000, 0x0000000083400000|100%|HC|  |TAMS 0x0000000083400000, 0x0000000083300000| Complete 
|   2|0x0000000083400000, 0x0000000083500000, 0x0000000083500000|100%|HC|  |TAMS 0x0000000083500000, 0x0000000083400000| Complete 
|   3|0x0000000083500000, 0x0000000083600000, 0x0000000083600000|100%| O|  |TAMS 0x0000000083600000, 0x0000000083500000| Untracked 
|   4|0x0000000083600000, 0x0000000083700000, 0x0000000083700000|100%| O|  |TAMS 0x0000000083700000, 0x0000000083600000| Untracked 
|   5|0x0000000083700000, 0x0000000083800000, 0x0000000083800000|100%| O|  |TAMS 0x0000000083800000, 0x0000000083700000| Untracked 
|   6|0x0000000083800000, 0x0000000083900000, 0x0000000083900000|100%| O|  |TAMS 0x0000000083900000, 0x0000000083800000| Untracked 
|   7|0x0000000083900000, 0x0000000083a00000, 0x0000000083a00000|100%|HS|  |TAMS 0x0000000083a00000, 0x0000000083900000| Complete 
|   8|0x0000000083a00000, 0x0000000083b00000, 0x0000000083b00000|100%| O|  |TAMS 0x0000000083b00000, 0x0000000083a00000| Untracked 
|   9|0x0000000083b00000, 0x0000000083c00000, 0x0000000083c00000|100%| O|  |TAMS 0x0000000083c00000, 0x0000000083b00000| Untracked 
|  10|0x0000000083c00000, 0x0000000083d00000, 0x0000000083d00000|100%| O|  |TAMS 0x0000000083d00000, 0x0000000083c00000| Untracked 
|  11|0x0000000083d00000, 0x0000000083ddea00, 0x0000000083e00000| 86%| O|  |TAMS 0x0000000083ddea00, 0x0000000083d00000| Untracked 
|  12|0x0000000083e00000, 0x0000000083f00000, 0x0000000083f00000|100%| O|  |TAMS 0x0000000083f00000, 0x0000000083e00000| Untracked 
|  13|0x0000000083f00000, 0x0000000084000000, 0x0000000084000000|100%| O|  |TAMS 0x0000000084000000, 0x0000000083f00000| Untracked 
|  14|0x0000000084000000, 0x0000000084100000, 0x0000000084100000|100%| O|  |TAMS 0x0000000084100000, 0x0000000084000000| Untracked 
|  15|0x0000000084100000, 0x0000000084200000, 0x0000000084200000|100%| O|  |TAMS 0x0000000084200000, 0x0000000084100000| Untracked 
|  16|0x0000000084200000, 0x0000000084300000, 0x0000000084300000|100%| O|  |TAMS 0x0000000084300000, 0x0000000084200000| Untracked 
|  17|0x0000000084300000, 0x0000000084400000, 0x0000000084400000|100%| O|  |TAMS 0x0000000084400000, 0x0000000084300000| Untracked 
|  18|0x0000000084400000, 0x0000000084500000, 0x0000000084500000|100%| O|  |TAMS 0x0000000084500000, 0x0000000084400000| Untracked 
|  19|0x0000000084500000, 0x0000000084600000, 0x0000000084600000|100%| O|  |TAMS 0x0000000084600000, 0x0000000084500000| Untracked 
|  20|0x0000000084600000, 0x0000000084700000, 0x0000000084700000|100%| O|  |TAMS 0x0000000084700000, 0x0000000084600000| Untracked 
|  21|0x0000000084700000, 0x0000000084800000, 0x0000000084800000|100%| O|  |TAMS 0x0000000084800000, 0x0000000084700000| Untracked 
|  22|0x0000000084800000, 0x0000000084900000, 0x0000000084900000|100%| O|  |TAMS 0x0000000084900000, 0x0000000084800000| Untracked 
|  23|0x0000000084900000, 0x0000000084a00000, 0x0000000084a00000|100%| O|  |TAMS 0x0000000084a00000, 0x0000000084900000| Untracked 
|  24|0x0000000084a00000, 0x0000000084b00000, 0x0000000084b00000|100%| O|  |TAMS 0x0000000084b00000, 0x0000000084a00000| Untracked 
|  25|0x0000000084b00000, 0x0000000084c00000, 0x0000000084c00000|100%| O|  |TAMS 0x0000000084c00000, 0x0000000084b00000| Untracked 
|  26|0x0000000084c00000, 0x0000000084d00000, 0x0000000084d00000|100%| O|  |TAMS 0x0000000084d00000, 0x0000000084c00000| Untracked 
|  27|0x0000000084d00000, 0x0000000084e00000, 0x0000000084e00000|100%|HS|  |TAMS 0x0000000084e00000, 0x0000000084d00000| Complete 
|  28|0x0000000084e00000, 0x0000000084f00000, 0x0000000084f00000|100%|HC|  |TAMS 0x0000000084f00000, 0x0000000084e00000| Complete 
|  29|0x0000000084f00000, 0x0000000085000000, 0x0000000085000000|100%| O|  |TAMS 0x0000000085000000, 0x0000000084f00000| Untracked 
|  30|0x0000000085000000, 0x0000000085100000, 0x0000000085100000|100%| O|  |TAMS 0x0000000085100000, 0x0000000085000000| Untracked 
|  31|0x0000000085100000, 0x0000000085200000, 0x0000000085200000|100%| O|  |TAMS 0x0000000085200000, 0x0000000085100000| Untracked 
|  32|0x0000000085200000, 0x0000000085300000, 0x0000000085300000|100%| O|  |TAMS 0x0000000085300000, 0x0000000085200000| Untracked 
|  33|0x0000000085300000, 0x0000000085400000, 0x0000000085400000|100%| O|  |TAMS 0x0000000085400000, 0x0000000085300000| Untracked 
|  34|0x0000000085400000, 0x0000000085500000, 0x0000000085500000|100%| O|  |TAMS 0x0000000085500000, 0x0000000085400000| Untracked 
|  35|0x0000000085500000, 0x0000000085600000, 0x0000000085600000|100%| O|  |TAMS 0x0000000085600000, 0x0000000085500000| Untracked 
|  36|0x0000000085600000, 0x0000000085700000, 0x0000000085700000|100%| O|  |TAMS 0x0000000085700000, 0x0000000085600000| Untracked 
|  37|0x0000000085700000, 0x0000000085800000, 0x0000000085800000|100%| O|  |TAMS 0x0000000085800000, 0x0000000085700000| Untracked 
|  38|0x0000000085800000, 0x0000000085900000, 0x0000000085900000|100%| O|  |TAMS 0x0000000085900000, 0x0000000085800000| Untracked 
|  39|0x0000000085900000, 0x0000000085900000, 0x0000000085a00000|  0%| F|  |TAMS 0x0000000085900000, 0x0000000085900000| Untracked 
|  40|0x0000000085a00000, 0x0000000085b00000, 0x0000000085b00000|100%| O|  |TAMS 0x0000000085b00000, 0x0000000085a00000| Untracked 
|  41|0x0000000085b00000, 0x0000000085c00000, 0x0000000085c00000|100%| O|  |TAMS 0x0000000085b00000, 0x0000000085b00000| Untracked 
|  42|0x0000000085c00000, 0x0000000085d00000, 0x0000000085d00000|100%| O|  |TAMS 0x0000000085d00000, 0x0000000085c00000| Untracked 
|  43|0x0000000085d00000, 0x0000000085e00000, 0x0000000085e00000|100%| O|  |TAMS 0x0000000085e00000, 0x0000000085d00000| Untracked 
|  44|0x0000000085e00000, 0x0000000085f00000, 0x0000000085f00000|100%| O|  |TAMS 0x0000000085f00000, 0x0000000085e00000| Untracked 
|  45|0x0000000085f00000, 0x0000000086000000, 0x0000000086000000|100%| O|  |TAMS 0x0000000086000000, 0x0000000085f00000| Untracked 
|  46|0x0000000086000000, 0x0000000086100000, 0x0000000086100000|100%| O|  |TAMS 0x0000000086100000, 0x0000000086000000| Untracked 
|  47|0x0000000086100000, 0x0000000086200000, 0x0000000086200000|100%| O|  |TAMS 0x0000000086200000, 0x0000000086100000| Untracked 
|  48|0x0000000086200000, 0x0000000086300000, 0x0000000086300000|100%| O|  |TAMS 0x0000000086300000, 0x0000000086200000| Untracked 
|  49|0x0000000086300000, 0x0000000086400000, 0x0000000086400000|100%| O|  |TAMS 0x0000000086400000, 0x0000000086300000| Untracked 
|  50|0x0000000086400000, 0x0000000086500000, 0x0000000086500000|100%| O|  |TAMS 0x0000000086500000, 0x0000000086400000| Untracked 
|  51|0x0000000086500000, 0x0000000086600000, 0x0000000086600000|100%| O|  |TAMS 0x0000000086600000, 0x0000000086500000| Untracked 
|  52|0x0000000086600000, 0x0000000086700000, 0x0000000086700000|100%| O|  |TAMS 0x0000000086700000, 0x0000000086600000| Untracked 
|  53|0x0000000086700000, 0x0000000086800000, 0x0000000086800000|100%| O|  |TAMS 0x0000000086800000, 0x0000000086700000| Untracked 
|  54|0x0000000086800000, 0x0000000086900000, 0x0000000086900000|100%| O|  |TAMS 0x0000000086900000, 0x0000000086800000| Untracked 
|  55|0x0000000086900000, 0x0000000086a00000, 0x0000000086a00000|100%| O|  |TAMS 0x0000000086a00000, 0x0000000086900000| Untracked 
|  56|0x0000000086a00000, 0x0000000086b00000, 0x0000000086b00000|100%| O|  |TAMS 0x0000000086b00000, 0x0000000086a00000| Untracked 
|  57|0x0000000086b00000, 0x0000000086c00000, 0x0000000086c00000|100%| O|  |TAMS 0x0000000086c00000, 0x0000000086b00000| Untracked 
|  58|0x0000000086c00000, 0x0000000086d00000, 0x0000000086d00000|100%| O|  |TAMS 0x0000000086d00000, 0x0000000086c00000| Untracked 
|  59|0x0000000086d00000, 0x0000000086e00000, 0x0000000086e00000|100%| O|  |TAMS 0x0000000086e00000, 0x0000000086d00000| Untracked 
|  60|0x0000000086e00000, 0x0000000086f00000, 0x0000000086f00000|100%| O|  |TAMS 0x0000000086f00000, 0x0000000086e00000| Untracked 
|  61|0x0000000086f00000, 0x0000000087000000, 0x0000000087000000|100%| O|  |TAMS 0x0000000087000000, 0x0000000086f00000| Untracked 
|  62|0x0000000087000000, 0x0000000087100000, 0x0000000087100000|100%| O|  |TAMS 0x0000000087100000, 0x0000000087000000| Untracked 
|  63|0x0000000087100000, 0x0000000087200000, 0x0000000087200000|100%| O|  |TAMS 0x0000000087200000, 0x0000000087100000| Untracked 
|  64|0x0000000087200000, 0x0000000087300000, 0x0000000087300000|100%| O|  |TAMS 0x0000000087300000, 0x0000000087200000| Untracked 
|  65|0x0000000087300000, 0x0000000087400000, 0x0000000087400000|100%|HS|  |TAMS 0x0000000087400000, 0x0000000087300000| Complete 
|  66|0x0000000087400000, 0x0000000087500000, 0x0000000087500000|100%|HC|  |TAMS 0x0000000087500000, 0x0000000087400000| Complete 
|  67|0x0000000087500000, 0x0000000087600000, 0x0000000087600000|100%| O|  |TAMS 0x0000000087600000, 0x0000000087500000| Untracked 
|  68|0x0000000087600000, 0x0000000087700000, 0x0000000087700000|100%| O|  |TAMS 0x0000000087700000, 0x0000000087600000| Untracked 
|  69|0x0000000087700000, 0x0000000087800000, 0x0000000087800000|100%| O|  |TAMS 0x0000000087800000, 0x0000000087700000| Untracked 
|  70|0x0000000087800000, 0x0000000087900000, 0x0000000087900000|100%| O|  |TAMS 0x0000000087800000, 0x0000000087800000| Untracked 
|  71|0x0000000087900000, 0x0000000087a00000, 0x0000000087a00000|100%| O|  |TAMS 0x0000000087a00000, 0x0000000087900000| Untracked 
|  72|0x0000000087a00000, 0x0000000087b00000, 0x0000000087b00000|100%| O|  |TAMS 0x0000000087b00000, 0x0000000087a00000| Untracked 
|  73|0x0000000087b00000, 0x0000000087c00000, 0x0000000087c00000|100%| O|  |TAMS 0x0000000087c00000, 0x0000000087b00000| Untracked 
|  74|0x0000000087c00000, 0x0000000087d00000, 0x0000000087d00000|100%| O|  |TAMS 0x0000000087d00000, 0x0000000087c00000| Untracked 
|  75|0x0000000087d00000, 0x0000000087d00000, 0x0000000087e00000|  0%| F|  |TAMS 0x0000000087d00000, 0x0000000087d00000| Untracked 
|  76|0x0000000087e00000, 0x0000000087f00000, 0x0000000087f00000|100%| O|  |TAMS 0x0000000087f00000, 0x0000000087e00000| Untracked 
|  77|0x0000000087f00000, 0x0000000088000000, 0x0000000088000000|100%| O|  |TAMS 0x0000000088000000, 0x0000000087f00000| Untracked 
|  78|0x0000000088000000, 0x0000000088100000, 0x0000000088100000|100%| O|  |TAMS 0x0000000088100000, 0x0000000088000000| Untracked 
|  79|0x0000000088100000, 0x0000000088200000, 0x0000000088200000|100%| O|  |TAMS 0x0000000088200000, 0x0000000088100000| Untracked 
|  80|0x0000000088200000, 0x0000000088300000, 0x0000000088300000|100%| O|  |TAMS 0x0000000088300000, 0x0000000088200000| Untracked 
|  81|0x0000000088300000, 0x0000000088400000, 0x0000000088400000|100%| O|  |TAMS 0x0000000088400000, 0x0000000088300000| Untracked 
|  82|0x0000000088400000, 0x0000000088500000, 0x0000000088500000|100%| O|  |TAMS 0x0000000088500000, 0x0000000088400000| Untracked 
|  83|0x0000000088500000, 0x0000000088600000, 0x0000000088600000|100%| O|  |TAMS 0x0000000088600000, 0x0000000088500000| Untracked 
|  84|0x0000000088600000, 0x0000000088700000, 0x0000000088700000|100%| O|  |TAMS 0x000000008866ee00, 0x0000000088600000| Untracked 
|  85|0x0000000088700000, 0x0000000088800000, 0x0000000088800000|100%| O|  |TAMS 0x0000000088700000, 0x0000000088700000| Untracked 
|  86|0x0000000088800000, 0x0000000088900000, 0x0000000088900000|100%| O|  |TAMS 0x0000000088800000, 0x0000000088800000| Untracked 
|  87|0x0000000088900000, 0x0000000088a00000, 0x0000000088a00000|100%| O|  |TAMS 0x0000000088900000, 0x0000000088900000| Untracked 
|  88|0x0000000088a00000, 0x0000000088b00000, 0x0000000088b00000|100%| O|  |TAMS 0x0000000088a00000, 0x0000000088a00000| Untracked 
|  89|0x0000000088b00000, 0x0000000088c00000, 0x0000000088c00000|100%| O|  |TAMS 0x0000000088b00000, 0x0000000088b00000| Untracked 
|  90|0x0000000088c00000, 0x0000000088d00000, 0x0000000088d00000|100%| O|  |TAMS 0x0000000088c00000, 0x0000000088c00000| Untracked 
|  91|0x0000000088d00000, 0x0000000088dac200, 0x0000000088e00000| 67%| O|  |TAMS 0x0000000088d00000, 0x0000000088d00000| Untracked 
|  92|0x0000000088e00000, 0x0000000088e00000, 0x0000000088f00000|  0%| F|  |TAMS 0x0000000088e00000, 0x0000000088e00000| Untracked 
|  93|0x0000000088f00000, 0x0000000088f00000, 0x0000000089000000|  0%| F|  |TAMS 0x0000000088f00000, 0x0000000088f00000| Untracked 
|  94|0x0000000089000000, 0x0000000089000000, 0x0000000089100000|  0%| F|  |TAMS 0x0000000089000000, 0x0000000089000000| Untracked 
|  95|0x0000000089100000, 0x0000000089100000, 0x0000000089200000|  0%| F|  |TAMS 0x0000000089100000, 0x0000000089100000| Untracked 
|  96|0x0000000089200000, 0x0000000089200000, 0x0000000089300000|  0%| F|  |TAMS 0x0000000089200000, 0x0000000089200000| Untracked 
|  97|0x0000000089300000, 0x0000000089300000, 0x0000000089400000|  0%| F|  |TAMS 0x0000000089300000, 0x0000000089300000| Untracked 
|  98|0x0000000089400000, 0x0000000089400000, 0x0000000089500000|  0%| F|  |TAMS 0x0000000089400000, 0x0000000089400000| Untracked 
|  99|0x0000000089500000, 0x0000000089500000, 0x0000000089600000|  0%| F|  |TAMS 0x0000000089500000, 0x0000000089500000| Untracked 
| 100|0x0000000089600000, 0x0000000089600000, 0x0000000089700000|  0%| F|  |TAMS 0x0000000089600000, 0x0000000089600000| Untracked 
| 101|0x0000000089700000, 0x0000000089700000, 0x0000000089800000|  0%| F|  |TAMS 0x0000000089700000, 0x0000000089700000| Untracked 
| 102|0x0000000089800000, 0x0000000089800000, 0x0000000089900000|  0%| F|  |TAMS 0x0000000089800000, 0x0000000089800000| Untracked 
| 103|0x0000000089900000, 0x0000000089900000, 0x0000000089a00000|  0%| F|  |TAMS 0x0000000089900000, 0x0000000089900000| Untracked 
| 104|0x0000000089a00000, 0x0000000089a00000, 0x0000000089b00000|  0%| F|  |TAMS 0x0000000089a00000, 0x0000000089a00000| Untracked 
| 105|0x0000000089b00000, 0x0000000089b00000, 0x0000000089c00000|  0%| F|  |TAMS 0x0000000089b00000, 0x0000000089b00000| Untracked 
| 106|0x0000000089c00000, 0x0000000089c00000, 0x0000000089d00000|  0%| F|  |TAMS 0x0000000089c00000, 0x0000000089c00000| Untracked 
| 107|0x0000000089d00000, 0x0000000089d00000, 0x0000000089e00000|  0%| F|  |TAMS 0x0000000089d00000, 0x0000000089d00000| Untracked 
| 108|0x0000000089e00000, 0x0000000089e00000, 0x0000000089f00000|  0%| F|  |TAMS 0x0000000089e00000, 0x0000000089e00000| Untracked 
| 109|0x0000000089f00000, 0x0000000089f00000, 0x000000008a000000|  0%| F|  |TAMS 0x0000000089f00000, 0x0000000089f00000| Untracked 
| 110|0x000000008a000000, 0x000000008a000000, 0x000000008a100000|  0%| F|  |TAMS 0x000000008a000000, 0x000000008a000000| Untracked 
| 111|0x000000008a100000, 0x000000008a100000, 0x000000008a200000|  0%| F|  |TAMS 0x000000008a100000, 0x000000008a100000| Untracked 
| 112|0x000000008a200000, 0x000000008a200000, 0x000000008a300000|  0%| F|  |TAMS 0x000000008a200000, 0x000000008a200000| Untracked 
| 113|0x000000008a300000, 0x000000008a300000, 0x000000008a400000|  0%| F|  |TAMS 0x000000008a300000, 0x000000008a300000| Untracked 
| 114|0x000000008a400000, 0x000000008a400000, 0x000000008a500000|  0%| F|  |TAMS 0x000000008a400000, 0x000000008a400000| Untracked 
| 115|0x000000008a500000, 0x000000008a500000, 0x000000008a600000|  0%| F|  |TAMS 0x000000008a500000, 0x000000008a500000| Untracked 
| 116|0x000000008a600000, 0x000000008a600000, 0x000000008a700000|  0%| F|  |TAMS 0x000000008a600000, 0x000000008a600000| Untracked 
| 117|0x000000008a700000, 0x000000008a700000, 0x000000008a800000|  0%| F|  |TAMS 0x000000008a700000, 0x000000008a700000| Untracked 
| 118|0x000000008a800000, 0x000000008a800000, 0x000000008a900000|  0%| F|  |TAMS 0x000000008a800000, 0x000000008a800000| Untracked 
| 119|0x000000008a900000, 0x000000008a900000, 0x000000008aa00000|  0%| F|  |TAMS 0x000000008a900000, 0x000000008a900000| Untracked 
| 120|0x000000008aa00000, 0x000000008aa00000, 0x000000008ab00000|  0%| F|  |TAMS 0x000000008aa00000, 0x000000008aa00000| Untracked 
| 121|0x000000008ab00000, 0x000000008ab00000, 0x000000008ac00000|  0%| F|  |TAMS 0x000000008ab00000, 0x000000008ab00000| Untracked 
| 122|0x000000008ac00000, 0x000000008ac00000, 0x000000008ad00000|  0%| F|  |TAMS 0x000000008ac00000, 0x000000008ac00000| Untracked 
| 123|0x000000008ad00000, 0x000000008ad00000, 0x000000008ae00000|  0%| F|  |TAMS 0x000000008ad00000, 0x000000008ad00000| Untracked 
| 124|0x000000008ae00000, 0x000000008ae00000, 0x000000008af00000|  0%| F|  |TAMS 0x000000008ae00000, 0x000000008ae00000| Untracked 
| 125|0x000000008af00000, 0x000000008af00000, 0x000000008b000000|  0%| F|  |TAMS 0x000000008af00000, 0x000000008af00000| Untracked 
| 126|0x000000008b000000, 0x000000008b000000, 0x000000008b100000|  0%| F|  |TAMS 0x000000008b000000, 0x000000008b000000| Untracked 
| 127|0x000000008b100000, 0x000000008b100000, 0x000000008b200000|  0%| F|  |TAMS 0x000000008b100000, 0x000000008b100000| Untracked 
| 128|0x000000008b200000, 0x000000008b200000, 0x000000008b300000|  0%| F|  |TAMS 0x000000008b200000, 0x000000008b200000| Untracked 
| 129|0x000000008b300000, 0x000000008b300000, 0x000000008b400000|  0%| F|  |TAMS 0x000000008b300000, 0x000000008b300000| Untracked 
| 130|0x000000008b400000, 0x000000008b400000, 0x000000008b500000|  0%| F|  |TAMS 0x000000008b400000, 0x000000008b400000| Untracked 
| 131|0x000000008b500000, 0x000000008b500000, 0x000000008b600000|  0%| F|  |TAMS 0x000000008b500000, 0x000000008b500000| Untracked 
| 132|0x000000008b600000, 0x000000008b600000, 0x000000008b700000|  0%| F|  |TAMS 0x000000008b600000, 0x000000008b600000| Untracked 
| 133|0x000000008b700000, 0x000000008b700000, 0x000000008b800000|  0%| F|  |TAMS 0x000000008b700000, 0x000000008b700000| Untracked 
| 134|0x000000008b800000, 0x000000008b800000, 0x000000008b900000|  0%| F|  |TAMS 0x000000008b800000, 0x000000008b800000| Untracked 
| 135|0x000000008b900000, 0x000000008b900000, 0x000000008ba00000|  0%| F|  |TAMS 0x000000008b900000, 0x000000008b900000| Untracked 
| 136|0x000000008ba00000, 0x000000008ba00000, 0x000000008bb00000|  0%| F|  |TAMS 0x000000008ba00000, 0x000000008ba00000| Untracked 
| 137|0x000000008bb00000, 0x000000008bb00000, 0x000000008bc00000|  0%| F|  |TAMS 0x000000008bb00000, 0x000000008bb00000| Untracked 
| 138|0x000000008bc00000, 0x000000008bc00000, 0x000000008bd00000|  0%| F|  |TAMS 0x000000008bc00000, 0x000000008bc00000| Untracked 
| 139|0x000000008bd00000, 0x000000008bd00000, 0x000000008be00000|  0%| F|  |TAMS 0x000000008bd00000, 0x000000008bd00000| Untracked 
| 140|0x000000008be00000, 0x000000008be00000, 0x000000008bf00000|  0%| F|  |TAMS 0x000000008be00000, 0x000000008be00000| Untracked 
| 141|0x000000008bf00000, 0x000000008bf00000, 0x000000008c000000|  0%| F|  |TAMS 0x000000008bf00000, 0x000000008bf00000| Untracked 
| 142|0x000000008c000000, 0x000000008c000000, 0x000000008c100000|  0%| F|  |TAMS 0x000000008c000000, 0x000000008c000000| Untracked 
| 143|0x000000008c100000, 0x000000008c100000, 0x000000008c200000|  0%| F|  |TAMS 0x000000008c100000, 0x000000008c100000| Untracked 
| 144|0x000000008c200000, 0x000000008c200000, 0x000000008c300000|  0%| F|  |TAMS 0x000000008c200000, 0x000000008c200000| Untracked 
| 145|0x000000008c300000, 0x000000008c300000, 0x000000008c400000|  0%| F|  |TAMS 0x000000008c300000, 0x000000008c300000| Untracked 
| 146|0x000000008c400000, 0x000000008c400000, 0x000000008c500000|  0%| F|  |TAMS 0x000000008c400000, 0x000000008c400000| Untracked 
| 147|0x000000008c500000, 0x000000008c500000, 0x000000008c600000|  0%| F|  |TAMS 0x000000008c500000, 0x000000008c500000| Untracked 
| 148|0x000000008c600000, 0x000000008c600000, 0x000000008c700000|  0%| F|  |TAMS 0x000000008c600000, 0x000000008c600000| Untracked 
| 149|0x000000008c700000, 0x000000008c700000, 0x000000008c800000|  0%| F|  |TAMS 0x000000008c700000, 0x000000008c700000| Untracked 
| 150|0x000000008c800000, 0x000000008c8ca670, 0x000000008c900000| 79%| S|CS|TAMS 0x000000008c800000, 0x000000008c800000| Complete 
| 151|0x000000008c900000, 0x000000008c900000, 0x000000008ca00000|  0%| F|  |TAMS 0x000000008c900000, 0x000000008c900000| Untracked 
| 152|0x000000008ca00000, 0x000000008ca00000, 0x000000008cb00000|  0%| F|  |TAMS 0x000000008ca00000, 0x000000008ca00000| Untracked 
| 153|0x000000008cb00000, 0x000000008cb00000, 0x000000008cc00000|  0%| F|  |TAMS 0x000000008cb00000, 0x000000008cb00000| Untracked 
| 154|0x000000008cc00000, 0x000000008cc00000, 0x000000008cd00000|  0%| F|  |TAMS 0x000000008cc00000, 0x000000008cc00000| Untracked 

Card table byte_map: [0x000001ea3b540000,0x000001ea3b930000] _byte_map_base: 0x000001ea3b127000

Marking Bits (Prev, Next): (CMBitMap*) 0x000001ea24639470, (CMBitMap*) 0x000001ea246394b0
 Prev Bits: [0x000001ea3bd20000, 0x000001ea3dc58000)
 Next Bits: [0x000001ea3dc60000, 0x000001ea3fb98000)

Polling page: 0x000001ea23d90000

Metaspace:

Usage:
  Non-class:     53.36 MB used.
      Class:      6.91 MB used.
       Both:     60.28 MB used.

Virtual space:
  Non-class space:       64.00 MB reserved,      53.56 MB ( 84%) committed,  1 nodes.
      Class space:        1.00 GB reserved,       7.12 MB ( <1%) committed,  1 nodes.
             Both:        1.06 GB reserved,      60.69 MB (  6%) committed. 

Chunk freelists:
   Non-Class:  9.89 MB
       Class:  8.86 MB
        Both:  18.75 MB

MaxMetaspaceSize: unlimited
CompressedClassSpaceSize: 1.00 GB
Initial GC threshold: 21.00 MB
Current GC threshold: 96.50 MB
CDS: on
MetaspaceReclaimPolicy: balanced
 - commit_granule_bytes: 65536.
 - commit_granule_words: 8192.
 - virtual_space_node_default_size: 8388608.
 - enlarge_chunks_in_place: 1.
 - new_chunks_are_fully_committed: 0.
 - uncommit_free_chunks: 1.
 - use_allocation_guard: 0.
 - handle_deallocations: 1.


Internal statistics:

num_allocs_failed_limit: 6.
num_arena_births: 414.
num_arena_deaths: 0.
num_vsnodes_births: 2.
num_vsnodes_deaths: 0.
num_space_committed: 969.
num_space_uncommitted: 0.
num_chunks_returned_to_freelist: 6.
num_chunks_taken_from_freelist: 2772.
num_chunk_merges: 6.
num_chunk_splits: 2108.
num_chunks_enlarged: 1775.
num_inconsistent_stats: 0.

CodeHeap 'non-profiled nmethods': size=120000Kb used=6927Kb max_used=7122Kb free=113072Kb
 bounds [0x000001ea33c20000, 0x000001ea34340000, 0x000001ea3b150000]
CodeHeap 'profiled nmethods': size=120000Kb used=27487Kb max_used=30106Kb free=92512Kb
 bounds [0x000001ea2c150000, 0x000001ea2dec0000, 0x000001ea33680000]
CodeHeap 'non-nmethods': size=5760Kb used=1377Kb max_used=1440Kb free=4382Kb
 bounds [0x000001ea33680000, 0x000001ea338f0000, 0x000001ea33c20000]
 total_blobs=9880 nmethods=9196 adapters=593
 compilation: enabled
              stopped_count=0, restarted_count=0
 full_count=0

Compilation events (20 events):
Event: 38.331 Thread 0x000001ea4207da30 nmethod 11589 0x000001ea2cb09b10 code [0x000001ea2cb09dc0, 0x000001ea2cb0ab38]
Event: 38.331 Thread 0x000001ea4207da30 11590       3       org.jetbrains.kotlin.ir.util.DescriptorSymbolTableExtension::calculateSignature (18 bytes)
Event: 38.331 Thread 0x000001ea4207da30 nmethod 11590 0x000001ea2c1a0b90 code [0x000001ea2c1a0e20, 0x000001ea2c1a1998]
Event: 38.337 Thread 0x000001ea4207da30 11591       3       org.jetbrains.kotlin.serialization.deserialization.ClassDeserializer::createClass (388 bytes)
Event: 38.341 Thread 0x000001ea4207da30 nmethod 11591 0x000001ea2d8dff10 code [0x000001ea2d8e0680, 0x000001ea2d8e4738]
Event: 38.344 Thread 0x000001ea4207da30 11592       3       org.jetbrains.kotlin.serialization.deserialization.ProtoContainer$Class::<init> (134 bytes)
Event: 38.345 Thread 0x000001ea8a1da5b0 nmethod 11548 0x000001ea34320b90 code [0x000001ea343213a0, 0x000001ea3432d580]
Event: 38.347 Thread 0x000001ea4207da30 nmethod 11592 0x000001ea2c6cac90 code [0x000001ea2c6cb140, 0x000001ea2c6cd238]
Event: 38.350 Thread 0x000001ea4207da30 11593       3       org.jetbrains.kotlin.metadata.deserialization.ProtoTypeTableUtilKt::varargElementType (47 bytes)
Event: 38.351 Thread 0x000001ea4207da30 nmethod 11593 0x000001ea2c686690 code [0x000001ea2c686980, 0x000001ea2c687868]
Event: 38.351 Thread 0x000001ea4207da30 11594       3       org.jetbrains.kotlin.contracts.ContractDeserializerImpl::deserializeContractFromFunction (105 bytes)
Event: 38.353 Thread 0x000001ea4207da30 nmethod 11594 0x000001ea2ce69b10 code [0x000001ea2ce69fe0, 0x000001ea2ce6c078]
Event: 38.353 Thread 0x000001ea4207da30 11595       3       org.jetbrains.kotlin.serialization.deserialization.descriptors.DeserializedPackageMemberScope::getNonDeclaredFunctionNames (4 bytes)
Event: 38.353 Thread 0x000001ea4207da30 nmethod 11595 0x000001ea2c477b10 code [0x000001ea2c477cc0, 0x000001ea2c477e38]
Event: 38.353 Thread 0x000001ea4207da30 11596       3       org.jetbrains.kotlin.descriptors.impl.ReceiverParameterDescriptorImpl::<init> (35 bytes)
Event: 38.353 Thread 0x000001ea4207da30 nmethod 11596 0x000001ea2c37e190 code [0x000001ea2c37e360, 0x000001ea2c37e5f8]
Event: 38.354 Thread 0x000001ea4207da30 11597       3       org.jetbrains.kotlin.ir.util.SymbolTableSlice$Flat::set (42 bytes)
Event: 38.355 Thread 0x000001ea4207da30 nmethod 11597 0x000001ea2c348b90 code [0x000001ea2c348de0, 0x000001ea2c349698]
Event: 38.355 Thread 0x000001ea4207da30 11598       3       org.jetbrains.kotlin.ir.util.SymbolTableSlice$Flat$$Lambda$1066/0x000001ea446f1cd0::invoke (12 bytes)
Event: 38.356 Thread 0x000001ea4207da30 nmethod 11598 0x000001ea2c163b90 code [0x000001ea2c163dc0, 0x000001ea2c164558]

GC Heap History (20 events):
Event: 20.649 GC heap after
{Heap after GC invocations=20 (full 0):
 garbage-first heap   total 128000K, used 59216K [0x0000000083200000, 0x0000000100000000)
  region size 1024K, 6 young (6144K), 6 survivors (6144K)
 Metaspace       used 48042K, committed 48384K, reserved 1114112K
  class space    used 5730K, committed 5888K, reserved 1048576K
}
Event: 24.974 GC heap before
{Heap before GC invocations=20 (full 0):
 garbage-first heap   total 128000K, used 97104K [0x0000000083200000, 0x0000000100000000)
  region size 1024K, 43 young (44032K), 6 survivors (6144K)
 Metaspace       used 51863K, committed 52224K, reserved 1114112K
  class space    used 6091K, committed 6272K, reserved 1048576K
}
Event: 24.991 GC heap after
{Heap after GC invocations=21 (full 0):
 garbage-first heap   total 128000K, used 65445K [0x0000000083200000, 0x0000000100000000)
  region size 1024K, 6 young (6144K), 6 survivors (6144K)
 Metaspace       used 51863K, committed 52224K, reserved 1114112K
  class space    used 6091K, committed 6272K, reserved 1048576K
}
Event: 30.827 GC heap before
{Heap before GC invocations=21 (full 0):
 garbage-first heap   total 128000K, used 98213K [0x0000000083200000, 0x0000000100000000)
  region size 1024K, 38 young (38912K), 6 survivors (6144K)
 Metaspace       used 56972K, committed 57344K, reserved 1114112K
  class space    used 6693K, committed 6912K, reserved 1048576K
}
Event: 30.842 GC heap after
{Heap after GC invocations=22 (full 0):
 garbage-first heap   total 128000K, used 69829K [0x0000000083200000, 0x0000000100000000)
  region size 1024K, 4 young (4096K), 4 survivors (4096K)
 Metaspace       used 56972K, committed 57344K, reserved 1114112K
  class space    used 6693K, committed 6912K, reserved 1048576K
}
Event: 33.304 GC heap before
{Heap before GC invocations=23 (full 0):
 garbage-first heap   total 128000K, used 103621K [0x0000000083200000, 0x0000000100000000)
  region size 1024K, 34 young (34816K), 4 survivors (4096K)
 Metaspace       used 57828K, committed 58240K, reserved 1114112K
  class space    used 6740K, committed 6912K, reserved 1048576K
}
Event: 33.319 GC heap after
{Heap after GC invocations=24 (full 0):
 garbage-first heap   total 128000K, used 76666K [0x0000000083200000, 0x0000000100000000)
  region size 1024K, 5 young (5120K), 5 survivors (5120K)
 Metaspace       used 57828K, committed 58240K, reserved 1114112K
  class space    used 6740K, committed 6912K, reserved 1048576K
}
Event: 33.378 GC heap before
{Heap before GC invocations=24 (full 0):
 garbage-first heap   total 128000K, used 77690K [0x0000000083200000, 0x0000000100000000)
  region size 1024K, 6 young (6144K), 5 survivors (5120K)
 Metaspace       used 57829K, committed 58240K, reserved 1114112K
  class space    used 6740K, committed 6912K, reserved 1048576K
}
Event: 33.387 GC heap after
{Heap after GC invocations=25 (full 0):
 garbage-first heap   total 128000K, used 77304K [0x0000000083200000, 0x0000000100000000)
  region size 1024K, 1 young (1024K), 1 survivors (1024K)
 Metaspace       used 57829K, committed 58240K, reserved 1114112K
  class space    used 6740K, committed 6912K, reserved 1048576K
}
Event: 34.548 GC heap before
{Heap before GC invocations=25 (full 0):
 garbage-first heap   total 128000K, used 102904K [0x0000000083200000, 0x0000000100000000)
  region size 1024K, 26 young (26624K), 1 survivors (1024K)
 Metaspace       used 58254K, committed 58688K, reserved 1114112K
  class space    used 6754K, committed 6976K, reserved 1048576K
}
Event: 34.556 GC heap after
{Heap after GC invocations=26 (full 0):
 garbage-first heap   total 128000K, used 81416K [0x0000000083200000, 0x0000000100000000)
  region size 1024K, 4 young (4096K), 4 survivors (4096K)
 Metaspace       used 58254K, committed 58688K, reserved 1114112K
  class space    used 6754K, committed 6976K, reserved 1048576K
}
Event: 35.937 GC heap before
{Heap before GC invocations=27 (full 0):
 garbage-first heap   total 138240K, used 102920K [0x0000000083200000, 0x0000000100000000)
  region size 1024K, 25 young (25600K), 4 survivors (4096K)
 Metaspace       used 58477K, committed 58880K, reserved 1114112K
  class space    used 6754K, committed 6976K, reserved 1048576K
}
Event: 35.947 GC heap after
{Heap after GC invocations=28 (full 0):
 garbage-first heap   total 138240K, used 85084K [0x0000000083200000, 0x0000000100000000)
  region size 1024K, 4 young (4096K), 4 survivors (4096K)
 Metaspace       used 58477K, committed 58880K, reserved 1114112K
  class space    used 6754K, committed 6976K, reserved 1048576K
}
Event: 35.995 GC heap before
{Heap before GC invocations=28 (full 0):
 garbage-first heap   total 138240K, used 87132K [0x0000000083200000, 0x0000000100000000)
  region size 1024K, 6 young (6144K), 4 survivors (4096K)
 Metaspace       used 58485K, committed 58880K, reserved 1114112K
  class space    used 6754K, committed 6976K, reserved 1048576K
}
Event: 36.004 GC heap after
{Heap after GC invocations=29 (full 0):
 garbage-first heap   total 138240K, used 84944K [0x0000000083200000, 0x0000000100000000)
  region size 1024K, 1 young (1024K), 1 survivors (1024K)
 Metaspace       used 58485K, committed 58880K, reserved 1114112K
  class space    used 6754K, committed 6976K, reserved 1048576K
}
Event: 36.929 GC heap before
{Heap before GC invocations=29 (full 0):
 garbage-first heap   total 138240K, used 111568K [0x0000000083200000, 0x0000000100000000)
  region size 1024K, 27 young (27648K), 1 survivors (1024K)
 Metaspace       used 58761K, committed 59136K, reserved 1114112K
  class space    used 6760K, committed 6976K, reserved 1048576K
}
Event: 36.938 GC heap after
{Heap after GC invocations=30 (full 0):
 garbage-first heap   total 138240K, used 89978K [0x0000000083200000, 0x0000000100000000)
  region size 1024K, 4 young (4096K), 4 survivors (4096K)
 Metaspace       used 58761K, committed 59136K, reserved 1114112K
  class space    used 6760K, committed 6976K, reserved 1048576K
}
Event: 38.220 GC heap before
{Heap before GC invocations=31 (full 0):
 garbage-first heap   total 158720K, used 110458K [0x0000000083200000, 0x0000000100000000)
  region size 1024K, 25 young (25600K), 4 survivors (4096K)
 Metaspace       used 61018K, committed 61440K, reserved 1114112K
  class space    used 7008K, committed 7232K, reserved 1048576K
}
Event: 38.231 GC heap after
{Heap after GC invocations=32 (full 0):
 garbage-first heap   total 158720K, used 92675K [0x0000000083200000, 0x0000000100000000)
  region size 1024K, 3 young (3072K), 3 survivors (3072K)
 Metaspace       used 61018K, committed 61440K, reserved 1114112K
  class space    used 7008K, committed 7232K, reserved 1048576K
}
Event: 38.389 GC heap before
{Heap before GC invocations=32 (full 0):
 garbage-first heap   total 158720K, used 96771K [0x0000000083200000, 0x0000000100000000)
  region size 1024K, 7 young (7168K), 3 survivors (3072K)
 Metaspace       used 61722K, committed 62144K, reserved 1114112K
  class space    used 7079K, committed 7296K, reserved 1048576K
}

Dll operation events (7 events):
Event: 0.044 Loaded shared library C:\Program Files\Amazon Corretto\jdk17.0.18_9\bin\java.dll
Event: 0.126 Loaded shared library C:\Program Files\Amazon Corretto\jdk17.0.18_9\bin\jsvml.dll
Event: 0.310 Loaded shared library C:\Program Files\Amazon Corretto\jdk17.0.18_9\bin\net.dll
Event: 0.314 Loaded shared library C:\Program Files\Amazon Corretto\jdk17.0.18_9\bin\nio.dll
Event: 0.359 Loaded shared library C:\Program Files\Amazon Corretto\jdk17.0.18_9\bin\zip.dll
Event: 0.413 Loaded shared library C:\Program Files\Amazon Corretto\jdk17.0.18_9\bin\jimage.dll
Event: 4.072 Loaded shared library C:\Program Files\Amazon Corretto\jdk17.0.18_9\bin\verify.dll

Deoptimization events (20 events):
Event: 37.663 Thread 0x000001ea245da340 DEOPT PACKING pc=0x000001ea342a9310 sp=0x00000007570fe2b0
Event: 37.663 Thread 0x000001ea245da340 DEOPT UNPACKING pc=0x000001ea336da1a3 sp=0x00000007570fe1e8 mode 2
Event: 37.705 Thread 0x000001ea245da340 Uncommon trap: trap_request=0xffffff76 fr.pc=0x000001ea341f2138 relative=0x0000000000000198
Event: 37.705 Thread 0x000001ea245da340 Uncommon trap: reason=predicate action=maybe_recompile pc=0x000001ea341f2138 method=java.util.LinkedHashMap.keysToArray([Ljava/lang/Object;)[Ljava/lang/Object; @ 12 c2
Event: 37.705 Thread 0x000001ea245da340 DEOPT PACKING pc=0x000001ea341f2138 sp=0x00000007570fda20
Event: 37.705 Thread 0x000001ea245da340 DEOPT UNPACKING pc=0x000001ea336da1a3 sp=0x00000007570fd9e8 mode 2
Event: 38.141 Thread 0x000001ea245da340 DEOPT PACKING pc=0x000001ea2c324613 sp=0x00000007570fc4f0
Event: 38.141 Thread 0x000001ea245da340 DEOPT UNPACKING pc=0x000001ea336dace3 sp=0x00000007570fb960 mode 0
Event: 38.208 Thread 0x000001ea245da340 Uncommon trap: trap_request=0xffffffc6 fr.pc=0x000001ea33e3323c relative=0x00000000000006bc
Event: 38.208 Thread 0x000001ea245da340 Uncommon trap: reason=bimorphic_or_optimized_type_check action=maybe_recompile pc=0x000001ea33e3323c method=org.jetbrains.kotlin.storage.LockBasedStorageManager$LockBasedLazyValue.invoke()Ljava/lang/Object; @ 181 c2
Event: 38.208 Thread 0x000001ea245da340 DEOPT PACKING pc=0x000001ea33e3323c sp=0x00000007570fe090
Event: 38.208 Thread 0x000001ea245da340 DEOPT UNPACKING pc=0x000001ea336da1a3 sp=0x00000007570fdfe0 mode 2
Event: 38.208 Thread 0x000001ea245da340 Uncommon trap: trap_request=0xffffffc6 fr.pc=0x000001ea33e30b70 relative=0x0000000000000eb0
Event: 38.208 Thread 0x000001ea245da340 Uncommon trap: reason=bimorphic_or_optimized_type_check action=maybe_recompile pc=0x000001ea33e30b70 method=org.jetbrains.kotlin.types.KotlinTypeFactory.computeMemberScope(Lorg/jetbrains/kotlin/types/TypeConstructor;Ljava/util/List;Lorg/jetbrains/kotlin/t
Event: 38.208 Thread 0x000001ea245da340 DEOPT PACKING pc=0x000001ea33e30b70 sp=0x00000007570fdfa0
Event: 38.208 Thread 0x000001ea245da340 DEOPT UNPACKING pc=0x000001ea336da1a3 sp=0x00000007570fdef8 mode 2
Event: 38.208 Thread 0x000001ea245da340 Uncommon trap: trap_request=0xffffffc6 fr.pc=0x000001ea33e3323c relative=0x00000000000006bc
Event: 38.208 Thread 0x000001ea245da340 Uncommon trap: reason=bimorphic_or_optimized_type_check action=maybe_recompile pc=0x000001ea33e3323c method=org.jetbrains.kotlin.storage.LockBasedStorageManager$LockBasedLazyValue.invoke()Ljava/lang/Object; @ 181 c2
Event: 38.208 Thread 0x000001ea245da340 DEOPT PACKING pc=0x000001ea33e3323c sp=0x00000007570fde70
Event: 38.208 Thread 0x000001ea245da340 DEOPT UNPACKING pc=0x000001ea336da1a3 sp=0x00000007570fddc0 mode 2

Classes loaded (20 events):
Event: 15.733 Loading class java/util/stream/IntPipeline$1$1
Event: 15.733 Loading class java/util/stream/IntPipeline$1$1 done
Event: 15.754 Loading class java/util/AbstractList$RandomAccessSubList
Event: 15.754 Loading class java/util/AbstractList$RandomAccessSubList done
Event: 15.757 Loading class java/util/RegularEnumSet$EnumSetIterator
Event: 15.758 Loading class java/util/RegularEnumSet$EnumSetIterator done
Event: 25.562 Loading class java/util/stream/LongStream
Event: 25.580 Loading class java/util/stream/LongStream done
Event: 25.580 Loading class java/util/stream/DoubleStream
Event: 25.581 Loading class java/util/stream/DoubleStream done
Event: 30.567 Loading class java/util/concurrent/locks/AbstractQueuedSynchronizer$Node
Event: 30.568 Loading class java/util/concurrent/locks/AbstractQueuedSynchronizer$Node done
Event: 31.683 Loading class java/util/EnumMap$EntrySet
Event: 31.683 Loading class java/util/EnumMap$EntrySet done
Event: 31.683 Loading class java/util/EnumMap$EntryIterator
Event: 31.684 Loading class java/util/EnumMap$EnumMapIterator
Event: 31.684 Loading class java/util/EnumMap$EnumMapIterator done
Event: 31.684 Loading class java/util/EnumMap$EntryIterator done
Event: 31.684 Loading class java/util/EnumMap$EntryIterator$Entry
Event: 31.685 Loading class java/util/EnumMap$EntryIterator$Entry done

Classes unloaded (0 events):
No events

Classes redefined (0 events):
No events

Internal exceptions (20 events):
Event: 18.110 Thread 0x000001ea245da340 Exception <a 'java/lang/NoSuchMethodError'{0x000000008af7b980}: 'java.lang.Object java.lang.invoke.DirectMethodHandle$Holder.invokeStatic(java.lang.Object, java.lang.Object, java.lang.Object, java.lang.Object, java.lang.Object, int, java.lang.Object)'> (0x000000008af7b980) 
thrown [s\src\hotspot\share\interpreter\linkResolver.cpp, line 759]
Event: 18.115 Thread 0x000001ea245da340 Exception <a 'java/lang/NoSuchMethodError'{0x000000008af85f30}: 'java.lang.Object java.lang.invoke.DirectMethodHandle$Holder.newInvokeSpecial(java.lang.Object, java.lang.Object, java.lang.Object, java.lang.Object, java.lang.Object, int, java.lang.Object)'> (0x000000008af85f30) 
thrown [s\src\hotspot\share\interpreter\linkResolver.cpp, line 759]
Event: 18.115 Thread 0x000001ea245da340 Exception <a 'java/lang/NoSuchMethodError'{0x000000008af8c330}: 'java.lang.Object java.lang.invoke.DirectMethodHandle$Holder.invokeSpecial(java.lang.Object, java.lang.Object, java.lang.Object, java.lang.Object, java.lang.Object, java.lang.Object, int, java.lang.Object)'> (0x000000008af8c330) 
thrown [s\src\hotspot\share\interpreter\linkResolver.cpp, line 759]
Event: 18.115 Thread 0x000001ea245da340 Exception <a 'java/lang/NoSuchMethodError'{0x000000008af90ea8}: 'java.lang.Object java.lang.invoke.Invokers$Holder.linkToTargetMethod(java.lang.Object, java.lang.Object, java.lang.Object, java.lang.Object, int, java.lang.Object, java.lang.Object)'> (0x000000008af90ea8) 
thrown [s\src\hotspot\share\interpreter\linkResolver.cpp, line 759]
Event: 20.050 Thread 0x000001ea245da340 Exception <a 'java/lang/NoSuchMethodError'{0x000000008913dc40}: 'java.lang.Object java.lang.invoke.DirectMethodHandle$Holder.invokeStatic(java.lang.Object, java.lang.Object, int, java.lang.Object)'> (0x000000008913dc40) 
thrown [s\src\hotspot\share\interpreter\linkResolver.cpp, line 759]
Event: 20.051 Thread 0x000001ea245da340 Exception <a 'java/lang/NoSuchMethodError'{0x0000000089145a68}: 'java.lang.Object java.lang.invoke.DirectMethodHandle$Holder.newInvokeSpecial(java.lang.Object, java.lang.Object, int, java.lang.Object)'> (0x0000000089145a68) 
thrown [s\src\hotspot\share\interpreter\linkResolver.cpp, line 759]
Event: 20.051 Thread 0x000001ea245da340 Exception <a 'java/lang/NoSuchMethodError'{0x0000000089149e18}: 'java.lang.Object java.lang.invoke.DirectMethodHandle$Holder.invokeSpecial(java.lang.Object, java.lang.Object, java.lang.Object, int, java.lang.Object)'> (0x0000000089149e18) 
thrown [s\src\hotspot\share\interpreter\linkResolver.cpp, line 759]
Event: 20.051 Thread 0x000001ea245da340 Exception <a 'java/lang/NoSuchMethodError'{0x000000008914da98}: 'java.lang.Object java.lang.invoke.Invokers$Holder.linkToTargetMethod(java.lang.Object, int, java.lang.Object, java.lang.Object)'> (0x000000008914da98) 
thrown [s\src\hotspot\share\interpreter\linkResolver.cpp, line 759]
Event: 20.259 Thread 0x000001ea245da340 Exception <a 'java/lang/NoSuchMethodError'{0x0000000088d14d70}: 'int java.lang.invoke.DirectMethodHandle$Holder.invokeStaticInit(java.lang.Object, int)'> (0x0000000088d14d70) 
thrown [s\src\hotspot\share\interpreter\linkResolver.cpp, line 759]
Event: 20.768 Thread 0x000001ea245da340 Exception <a 'java/lang/NoSuchMethodError'{0x000000008ab31fb8}: 'java.lang.Object java.lang.invoke.DirectMethodHandle$Holder.invokeInterface(java.lang.Object, java.lang.Object, java.lang.Object)'> (0x000000008ab31fb8) 
thrown [s\src\hotspot\share\interpreter\linkResolver.cpp, line 759]
Event: 20.768 Thread 0x000001ea245da340 Exception <a 'java/lang/IncompatibleClassChangeError'{0x000000008ab35928}: Found class java.lang.Object, but interface was expected> (0x000000008ab35928) 
thrown [s\src\hotspot\share\interpreter\linkResolver.cpp, line 826]
Event: 21.080 Thread 0x000001ea245da340 Exception <a 'java/lang/NoSuchMethodError'{0x000000008aaeac50}: 'java.lang.Object java.lang.invoke.DirectMethodHandle$Holder.newInvokeSpecial(java.lang.Object, int, java.lang.Object, java.lang.Object)'> (0x000000008aaeac50) 
thrown [s\src\hotspot\share\interpreter\linkResolver.cpp, line 759]
Event: 21.082 Thread 0x000001ea245da340 Exception <a 'java/lang/NoSuchMethodError'{0x000000008aaef2a8}: 'java.lang.Object java.lang.invoke.DirectMethodHandle$Holder.invokeSpecial(java.lang.Object, java.lang.Object, int, java.lang.Object, java.lang.Object)'> (0x000000008aaef2a8) 
thrown [s\src\hotspot\share\interpreter\linkResolver.cpp, line 759]
Event: 21.721 Thread 0x000001ea245da340 Exception <a 'java/lang/NoSuchMethodError'{0x000000008a445cd8}: 'java.lang.Object java.lang.invoke.DirectMethodHandle$Holder.invokeStatic(java.lang.Object, int, java.lang.Object)'> (0x000000008a445cd8) 
thrown [s\src\hotspot\share\interpreter\linkResolver.cpp, line 759]
Event: 24.208 Thread 0x000001ea245da340 Implicit null exception at 0x000001ea33ff2c3c to 0x000001ea33ff3538
Event: 25.642 Thread 0x000001ea245da340 Exception <a 'java/lang/NoSuchMethodError'{0x000000008aa74598}: 'void java.lang.invoke.DirectMethodHandle$Holder.invokeSpecial(java.lang.Object, java.lang.Object, int, java.lang.Object)'> (0x000000008aa74598) 
thrown [s\src\hotspot\share\interpreter\linkResolver.cpp, line 759]
Event: 25.890 Thread 0x000001ea245da340 Exception <a 'java/lang/NoSuchMethodError'{0x000000008a9a8620}: 'java.lang.Object java.lang.invoke.DirectMethodHandle$Holder.invokeStatic(java.lang.Object, java.lang.Object, java.lang.Object, java.lang.Object, int)'> (0x000000008a9a8620) 
thrown [s\src\hotspot\share\interpreter\linkResolver.cpp, line 759]
Event: 27.529 Thread 0x000001ea245da340 Exception <a 'java/lang/NoSuchMethodError'{0x000000008a005c80}: 'java.lang.Object java.lang.invoke.DirectMethodHandle$Holder.newInvokeSpecial(java.lang.Object, java.lang.Object, java.lang.Object, java.lang.Object, java.lang.Object, java.lang.Object, java.lang.Object, java.lang.Object, java.lang.Object, java.lang.Object, java.lang.Object)'> (0x000000008a005c80) 
thrown [s\src\hotspot\share\interpreter\linkResolver.cpp, line 759]
Event: 27.530 Thread 0x000001ea245da340 Exception <a 'java/lang/NoSuchMethodError'{0x000000008a00b010}: 'java.lang.Object java.lang.invoke.DirectMethodHandle$Holder.invokeSpecial(java.lang.Object, java.lang.Object, java.lang.Object, java.lang.Object, java.lang.Object, java.lang.Object, java.lang.Object, java.lang.Object, java.lang.Object, java.lang.Object, java.lang.Object, java.lang.Object)'> (0x000000008a00b010) 
thrown [s\src\hotspot\share\interpreter\linkResolver.cpp, line 759]
Event: 27.530 Thread 0x000001ea245da340 Exception <a 'java/lang/NoSuchMethodError'{0x000000008a00fc08}: 'java.lang.Object java.lang.invoke.Invokers$Holder.linkToTargetMethod(java.lang.Object, java.lang.Object, java.lang.Object, java.lang.Object, java.lang.Object, java.lang.Object, java.lang.Object, java.lang.Object, java.lang.Object, java.lang.Object, java.lang.Object)'> (0x000000008a00fc08) 
thrown [s\src\hotspot\share\interpreter\linkResolver.cpp, line 759]

VM Operations (20 events):
Event: 37.152 Executing VM operation: G1PauseRemark done
Event: 37.234 Executing VM operation: G1PauseCleanup
Event: 37.234 Executing VM operation: G1PauseCleanup done
Event: 37.640 Executing VM operation: HandshakeAllThreads
Event: 37.640 Executing VM operation: HandshakeAllThreads done
Event: 37.691 Executing VM operation: HandshakeAllThreads
Event: 37.691 Executing VM operation: HandshakeAllThreads done
Event: 37.964 Executing VM operation: HandshakeAllThreads
Event: 37.975 Executing VM operation: HandshakeAllThreads done
Event: 37.975 Executing VM operation: HandshakeAllThreads
Event: 37.975 Executing VM operation: HandshakeAllThreads done
Event: 38.022 Executing VM operation: HandshakeAllThreads
Event: 38.023 Executing VM operation: HandshakeAllThreads done
Event: 38.023 Executing VM operation: HandshakeAllThreads
Event: 38.023 Executing VM operation: HandshakeAllThreads done
Event: 38.220 Executing VM operation: G1CollectForAllocation
Event: 38.231 Executing VM operation: G1CollectForAllocation done
Event: 38.231 Executing VM operation: HandshakeAllThreads
Event: 38.232 Executing VM operation: HandshakeAllThreads done
Event: 38.389 Executing VM operation: G1CollectForAllocation

Memory protections (0 events):
No events

Nmethod flushes (20 events):
Event: 38.249 Thread 0x000001ea42208030 flushing  nmethod 0x000001ea2d401110
Event: 38.249 Thread 0x000001ea42208030 flushing  nmethod 0x000001ea2d44b510
Event: 38.249 Thread 0x000001ea42208030 flushing  nmethod 0x000001ea2d486090
Event: 38.250 Thread 0x000001ea42208030 flushing  nmethod 0x000001ea2d519d10
Event: 38.251 Thread 0x000001ea42208030 flushing  nmethod 0x000001ea2d647990
Event: 38.251 Thread 0x000001ea42208030 flushing  nmethod 0x000001ea2d660e90
Event: 38.251 Thread 0x000001ea42208030 flushing  nmethod 0x000001ea2d667b90
Event: 38.251 Thread 0x000001ea42208030 flushing  nmethod 0x000001ea2d6a8590
Event: 38.251 Thread 0x000001ea42208030 flushing  nmethod 0x000001ea2d6b2e90
Event: 38.251 Thread 0x000001ea42208030 flushing  nmethod 0x000001ea2d6b4d90
Event: 38.252 Thread 0x000001ea42208030 flushing  nmethod 0x000001ea2d77d990
Event: 38.252 Thread 0x000001ea42208030 flushing  nmethod 0x000001ea2d7cf710
Event: 38.252 Thread 0x000001ea42208030 flushing  nmethod 0x000001ea2d7dd090
Event: 38.252 Thread 0x000001ea42208030 flushing  nmethod 0x000001ea2d839190
Event: 38.253 Thread 0x000001ea42208030 flushing  nmethod 0x000001ea2d8dfa10
Event: 38.253 Thread 0x000001ea42208030 flushing  nmethod 0x000001ea2d970110
Event: 38.255 Thread 0x000001ea42208030 flushing  nmethod 0x000001ea2db2d190
Event: 38.255 Thread 0x000001ea42208030 flushing  nmethod 0x000001ea2dc2b590
Event: 38.256 Thread 0x000001ea42208030 flushing  nmethod 0x000001ea2dd41d90
Event: 38.257 Thread 0x000001ea42208030 flushing  nmethod 0x000001ea2de95310

Events (20 events):
Event: 0.303 Thread 0x000001ea245da340 Thread added: 0x000001ea422d8d60
Event: 4.280 Thread 0x000001ea4206eb70 Thread added: 0x000001ea42d6f040
Event: 4.974 Thread 0x000001ea42d6f040 Thread exited: 0x000001ea42d6f040
Event: 5.047 Thread 0x000001ea4207da30 Thread added: 0x000001ea42d6f040
Event: 5.640 Thread 0x000001ea42d6f040 Thread exited: 0x000001ea42d6f040
Event: 5.805 Thread 0x000001ea4207da30 Thread added: 0x000001ea88a31760
Event: 6.624 Thread 0x000001ea88a31760 Thread exited: 0x000001ea88a31760
Event: 9.029 Thread 0x000001ea4207da30 Thread added: 0x000001ea89bbcbe0
Event: 19.043 Thread 0x000001ea89bbcbe0 Thread exited: 0x000001ea89bbcbe0
Event: 19.965 Thread 0x000001ea4207da30 Thread added: 0x000001ea89525a20
Event: 25.244 Thread 0x000001ea89525a20 Thread exited: 0x000001ea89525a20
Event: 26.271 Thread 0x000001ea4207da30 Thread added: 0x000001ea8a1dd580
Event: 27.026 Thread 0x000001ea8a1dd580 Thread exited: 0x000001ea8a1dd580
Event: 28.534 Thread 0x000001ea4207da30 Thread added: 0x000001ea8a1dbaf0
Event: 29.178 Thread 0x000001ea8a1dbaf0 Thread exited: 0x000001ea8a1dbaf0
Event: 30.669 Thread 0x000001ea4207da30 Thread added: 0x000001ea8a1db5a0
Event: 30.799 Thread 0x000001ea8a1db5a0 Thread exited: 0x000001ea8a1db5a0
Event: 31.346 Thread 0x000001ea4207da30 Thread added: 0x000001ea8a1dd580
Event: 32.758 Thread 0x000001ea8a1dd580 Thread exited: 0x000001ea8a1dd580
Event: 33.160 Thread 0x000001ea4207da30 Thread added: 0x000001ea8a1da5b0


Dynamic libraries:
0x00007ff720440000 - 0x00007ff72044e000 	C:\Program Files\Amazon Corretto\jdk17.0.18_9\bin\java.exe
0x00007ffe04b20000 - 0x00007ffe04d87000 	C:\WINDOWS\SYSTEM32\ntdll.dll
0x00007ffe028b0000 - 0x00007ffe02979000 	C:\WINDOWS\System32\KERNEL32.DLL
0x00007ffe02280000 - 0x00007ffe02674000 	C:\WINDOWS\System32\KERNELBASE.dll
0x00007ffe02760000 - 0x00007ffe028ab000 	C:\WINDOWS\System32\ucrtbase.dll
0x00007ffdf3940000 - 0x00007ffdf3958000 	C:\Program Files\Amazon Corretto\jdk17.0.18_9\bin\jli.dll
0x00007ffe04800000 - 0x00007ffe049c5000 	C:\WINDOWS\System32\USER32.dll
0x00007ffe02730000 - 0x00007ffe02757000 	C:\WINDOWS\System32\win32u.dll
0x00007ffe04ab0000 - 0x00007ffe04adb000 	C:\WINDOWS\System32\GDI32.dll
0x00007ffe01e70000 - 0x00007ffe01f9b000 	C:\WINDOWS\System32\gdi32full.dll
0x00007ffe021d0000 - 0x00007ffe02273000 	C:\WINDOWS\System32\msvcp_win.dll
0x00007ffdf3890000 - 0x00007ffdf38ae000 	C:\Program Files\Amazon Corretto\jdk17.0.18_9\bin\VCRUNTIME140.dll
0x00007ffde1700000 - 0x00007ffde1993000 	C:\WINDOWS\WinSxS\amd64_microsoft.windows.common-controls_6595b64144ccf1df_6.0.26100.8115_none_3e075c82e3354f9c\COMCTL32.dll
0x00007ffe03a00000 - 0x00007ffe03aa9000 	C:\WINDOWS\System32\msvcrt.dll
0x00007ffe047c0000 - 0x00007ffe047f2000 	C:\WINDOWS\System32\IMM32.DLL
0x00007ffdf3930000 - 0x00007ffdf393c000 	C:\Program Files\Amazon Corretto\jdk17.0.18_9\bin\vcruntime140_1.dll
0x00007ffded8f0000 - 0x00007ffded979000 	C:\Program Files\Amazon Corretto\jdk17.0.18_9\bin\msvcp140.dll
0x00007ffd84740000 - 0x00007ffd853b4000 	C:\Program Files\Amazon Corretto\jdk17.0.18_9\bin\server\jvm.dll
0x00007ffe02980000 - 0x00007ffe02a36000 	C:\WINDOWS\System32\ADVAPI32.dll
0x00007ffe03ed0000 - 0x00007ffe03f77000 	C:\WINDOWS\System32\sechost.dll
0x00007ffe03c10000 - 0x00007ffe03d28000 	C:\WINDOWS\System32\RPCRT4.dll
0x00007ffe040e0000 - 0x00007ffe04160000 	C:\WINDOWS\System32\WS2_32.dll
0x00007ffe01270000 - 0x00007ffe012ce000 	C:\WINDOWS\SYSTEM32\POWRPROF.dll
0x00007ffdf8fa0000 - 0x00007ffdf8fd6000 	C:\WINDOWS\SYSTEM32\WINMM.dll
0x00007ffdeae80000 - 0x00007ffdeae8b000 	C:\WINDOWS\SYSTEM32\VERSION.dll
0x00007ffe01250000 - 0x00007ffe01264000 	C:\WINDOWS\SYSTEM32\UMPDC.dll
0x00007ffe00160000 - 0x00007ffe0017b000 	C:\WINDOWS\SYSTEM32\kernel.appcore.dll
0x00007ffdf3830000 - 0x00007ffdf383a000 	C:\Program Files\Amazon Corretto\jdk17.0.18_9\bin\jimage.dll
0x00007ffdff230000 - 0x00007ffdff472000 	C:\WINDOWS\SYSTEM32\DBGHELP.DLL
0x00007ffe04170000 - 0x00007ffe044f2000 	C:\WINDOWS\System32\combase.dll
0x00007ffe03db0000 - 0x00007ffe03e88000 	C:\WINDOWS\System32\OLEAUT32.dll
0x00007ffdddfa0000 - 0x00007ffdddfdb000 	C:\WINDOWS\SYSTEM32\dbgcore.DLL
0x00007ffe02680000 - 0x00007ffe02725000 	C:\WINDOWS\System32\bcryptPrimitives.dll
0x00007ffdf29d0000 - 0x00007ffdf29f6000 	C:\Program Files\Amazon Corretto\jdk17.0.18_9\bin\java.dll
0x00007ffdb5f40000 - 0x00007ffdb6017000 	C:\Program Files\Amazon Corretto\jdk17.0.18_9\bin\jsvml.dll
0x00007ffe02b40000 - 0x00007ffe032a7000 	C:\WINDOWS\System32\SHELL32.dll
0x00007ffe01fa0000 - 0x00007ffe0210a000 	C:\WINDOWS\System32\wintypes.dll
0x00007ffe013f0000 - 0x00007ffe01c58000 	C:\WINDOWS\System32\windows.storage.dll
0x00007ffe03f80000 - 0x00007ffe04078000 	C:\WINDOWS\System32\SHCORE.dll
0x00007ffe03990000 - 0x00007ffe039f6000 	C:\WINDOWS\System32\shlwapi.dll
0x00007ffe01310000 - 0x00007ffe01339000 	C:\WINDOWS\SYSTEM32\profapi.dll
0x00007ffdf29b0000 - 0x00007ffdf29cb000 	C:\Program Files\Amazon Corretto\jdk17.0.18_9\bin\net.dll
0x00007ffdf4a80000 - 0x00007ffdf4bad000 	C:\WINDOWS\SYSTEM32\WINHTTP.dll
0x00007ffe006f0000 - 0x00007ffe0075c000 	C:\WINDOWS\system32\mswsock.dll
0x00007ffdf2920000 - 0x00007ffdf2936000 	C:\Program Files\Amazon Corretto\jdk17.0.18_9\bin\nio.dll
0x00007ffdf2770000 - 0x00007ffdf2788000 	C:\Program Files\Amazon Corretto\jdk17.0.18_9\bin\zip.dll
0x00007ffdf3820000 - 0x00007ffdf3830000 	C:\Program Files\Amazon Corretto\jdk17.0.18_9\bin\verify.dll

dbghelp: loaded successfully - version: 4.0.5 - missing functions: none
symbol engine: initialized successfully - sym options: 0x614 - pdb path: .;C:\Program Files\Amazon Corretto\jdk17.0.18_9\bin;C:\WINDOWS\SYSTEM32;C:\WINDOWS\WinSxS\amd64_microsoft.windows.common-controls_6595b64144ccf1df_6.0.26100.8115_none_3e075c82e3354f9c;C:\Program Files\Amazon Corretto\jdk17.0.18_9\bin\server

VM Arguments:
java_command: org.jetbrains.kotlin.cli.jvm.K2JVMCompiler @E:\MockTestApp\app\build\20260504_14087678708269859571.compiler.options
java_class_path (initial): C:\Users\chouh\.gradle\caches\modules-2\files-2.1\org.jetbrains.kotlin\kotlin-compiler-embeddable\2.0.21\79346ed53db48b18312a472602eb5c057070c54d\kotlin-compiler-embeddable-2.0.21.jar;C:\Users\chouh\.gradle\caches\modules-2\files-2.1\org.jetbrains.kotlin\kotlin-stdlib\2.0.21\618b539767b4899b4660a83006e052b63f1db551\kotlin-stdlib-2.0.21.jar;C:\Users\chouh\.gradle\caches\modules-2\files-2.1\org.jetbrains.kotlin\kotlin-script-runtime\2.0.21\c9b044380ad41f89aa89aa896c2d32a8c0b2129d\kotlin-script-runtime-2.0.21.jar;C:\Users\chouh\.gradle\caches\modules-2\files-2.1\org.jetbrains.kotlin\kotlin-reflect\1.6.10\1cbe9c92c12a94eea200d23c2bbaedaf3daf5132\kotlin-reflect-1.6.10.jar;C:\Users\chouh\.gradle\caches\modules-2\files-2.1\org.jetbrains.kotlin\kotlin-daemon-embeddable\2.0.21\c9e933b23287de9b5a17e2116b4657bb91aea72c\kotlin-daemon-embeddable-2.0.21.jar;C:\Users\chouh\.gradle\caches\modules-2\files-2.1\org.jetbrains.intellij.deps\trove4j\1.0.20200330\3afb14d5f9ceb459d724e907a21145e8ff394f02\trove4j-1.0.20200330.jar;C:\Users\chouh\.gradle\caches\modules-2\files-2.1\org.jetbrains.kotlinx\kotlinx-coroutines-core-jvm\1.6.4\2c997cd1c0ef33f3e751d3831929aeff1390cb30\kotlinx-coroutines-core-jvm-1.6.4.jar;C:\Users\chouh\.gradle\caches\modules-2\files-2.1\org.jetbrains\annotations\13.0\919f0dfe192fb4e063e7dacadee7f8bb9a2672a9\annotations-13.0.jar
Launcher Type: SUN_STANDARD

[Global flags]
     intx CICompilerCount                          = 3                                         {product} {ergonomic}
     uint ConcGCThreads                            = 1                                         {product} {ergonomic}
     uint G1ConcRefinementThreads                  = 4                                         {product} {ergonomic}
   size_t G1HeapRegionSize                         = 1048576                                   {product} {ergonomic}
    uintx GCDrainStackTargetSize                   = 64                                        {product} {ergonomic}
   size_t InitialHeapSize                          = 132120576                                 {product} {ergonomic}
   size_t MarkStackSize                            = 4194304                                   {product} {ergonomic}
   size_t MaxHeapSize                              = 2095054848                                {product} {ergonomic}
   size_t MaxNewSize                               = 1256194048                                {product} {ergonomic}
   size_t MinHeapDeltaBytes                        = 1048576                                   {product} {ergonomic}
   size_t MinHeapSize                              = 8388608                                   {product} {ergonomic}
    uintx NonNMethodCodeHeapSize                   = 5832780                                {pd product} {ergonomic}
    uintx NonProfiledCodeHeapSize                  = 122912730                              {pd product} {ergonomic}
    uintx ProfiledCodeHeapSize                     = 122912730                              {pd product} {ergonomic}
    uintx ReservedCodeCacheSize                    = 251658240                              {pd product} {ergonomic}
     bool SegmentedCodeCache                       = true                                      {product} {ergonomic}
   size_t SoftMaxHeapSize                          = 2095054848                             {manageable} {ergonomic}
     bool UseCompressedClassPointers               = true                           {product lp64_product} {ergonomic}
     bool UseCompressedOops                        = true                           {product lp64_product} {ergonomic}
     bool UseG1GC                                  = true                                      {product} {ergonomic}
     bool UseLargePagesIndividualAllocation        = false                                  {pd product} {ergonomic}

Logging:
Log output configuration:
 #0: stdout all=warning uptime,level,tags
 #1: stderr all=off uptime,level,tags

Environment Variables:
JAVA_HOME=C:\Program Files\Amazon Corretto\jdk17.0.18_9
CLASSPATH=E:\MockTestApp\\gradle\wrapper\gradle-wrapper.jar
PATH=C:\Program Files\Amazon Corretto\jdk17.0.18_9;C:\Program Files\Common Files\Oracle\Java\javapath;C:\WINDOWS\system32;C:\WINDOWS;C:\WINDOWS\System32\Wbem;C:\WINDOWS\System32\WindowsPowerShell\v1.0\;C:\WINDOWS\System32\OpenSSH\;E:\Softwares\cursor;C:\Program Files\Java\jdk-17\bin;e:\Softwares\cursor\resources\app\bin;C:\WINDOWS\system32;C:\WINDOWS;C:\WINDOWS\System32\Wbem;C:\WINDOWS\System32\WindowsPowerShell\v1.0\;C:\WINDOWS\System32\OpenSSH\;C:\Users\chouh\Downloads\redis;C:\Program Files\apache-maven-3.9.12\bin;C:\Program Files\Kubernetes\Minikube;C:\Program Files\Git\cmd;C:\Program Files\Amazon\AWSCLIV2\;C:\Users\chouh\AppData\Local\nvm;C:\nvm4w\nodejs;C:\Program Files\Docker\Docker\resources\bin;C:\Users\chouh\AppData\Local\Programs\node20;C:\Users\chouh\AppData\Local\Programs\Python\Launcher\;C:\Users\chouh\AppData\Local\Microsoft\WindowsApps;C:\Users\chouh\AppData\Roaming\npm;C:\Users\chouh\AppData\Local\Programs\Microsoft VS Code\bin;E:\Softwares\Eclipse\IntelliJ IDEA 2025.2.1\bin;E:\Softwares\Antigravity\bin;C:\Users\chouh\Downloads\redis;E:\Softwares\cursor\resources\app\bin;C:\Users\chouh\Downloads\gradle-9.3.1-bin\gradle-9.3.1\bin;C:\Program Files\apache-maven-3.9.12;C:\Users\chouh\.local\bin;C:\Users\chouh\AppData\Local\Python\bin;%NVM_HOME%;%NVM_SYMLINK%
USERNAME=chouh
OS=Windows_NT
PROCESSOR_IDENTIFIER=Intel64 Family 6 Model 140 Stepping 1, GenuineIntel
TMP=C:\Users\chouh\AppData\Local\Temp
TEMP=C:\Users\chouh\AppData\Local\Temp



Periodic native trim disabled


---------------  S Y S T E M  ---------------

OS:
 Windows 11 , 64 bit Build 26100 (10.0.26100.8246)
OS uptime: 4 days 21:25 hours
Hyper-V role detected

CPU: total 4 (initial active 4) (2 cores per cpu, 2 threads per core) family 6 model 140 stepping 1 microcode 0xb8, cx8, cmov, fxsr, ht, mmx, 3dnowpref, sse, sse2, sse3, ssse3, sse4.1, sse4.2, popcnt, lzcnt, tsc, tscinvbit, avx, avx2, aes, erms, clmul, bmi1, bmi2, adx, avx512f, avx512dq, avx512cd, avx512bw, avx512vl, sha, fma, vzeroupper, avx512_vpopcntdq, avx512_vpclmulqdq, avx512_vaes, avx512_vnni, clflush, clflushopt, clwb, avx512_vbmi2, avx512_vbmi, hv
Processor Information for processor 0
  Max Mhz: 2995, Current Mhz: 2995, Mhz Limit: 2995
Processor Information for processor 1
  Max Mhz: 2995, Current Mhz: 2995, Mhz Limit: 2995
Processor Information for processor 2
  Max Mhz: 2995, Current Mhz: 998, Mhz Limit: 2995
Processor Information for processor 3
  Max Mhz: 2995, Current Mhz: 998, Mhz Limit: 2995

Memory: 4k page, system-wide physical 7991M (571M free)
TotalPageFile size 23150M (AvailPageFile size 12M)
current process WorkingSet (physical memory assigned to process): 326M, peak: 329M
current process commit charge ("private bytes"): 400M, peak: 431M

vm_info: OpenJDK 64-Bit Server VM (17.0.18+9-LTS) for windows-amd64 JRE (17.0.18+9-LTS), built on Jan 27 2026 22:38:43 by "Administrator" with MS VC++ 17.14 (VS2022)

END.
